// Jest Snapshot v1, https://goo.gl/fbAQLP

exports[`renders correctly 1`] = `
<View
  style={
    [
      {
        "flexDirection": "row",
      },
      {
        "marginTop": 16,
      },
    ]
  }
>
  <View
    accessibilityState={
      {
        "busy": undefined,
        "checked": undefined,
        "disabled": undefined,
        "expanded": undefined,
        "selected": undefined,
      }
    }
    accessibilityValue={
      {
        "max": undefined,
        "min": undefined,
        "now": undefined,
        "text": undefined,
      }
    }
    accessible={true}
    collapsable={false}
    focusable={true}
    onClick={[Function]}
    onResponderGrant={[Function]}
    onResponderMove={[Function]}
    onResponderRelease={[Function]}
    onResponderTerminate={[Function]}
    onResponderTerminationRequest={[Function]}
    onStartShouldSetResponder={[Function]}
    style={
      {
        "alignItems": "center",
        "backgroundColor": "#cad2fa",
        "borderBottomLeftRadius": 8,
        "borderTopLeftRadius": 8,
        "height": 35,
        "justifyContent": "center",
        "opacity": 1,
        "width": 35,
      }
    }
  >
    <Text
      style={
        [
          {
            "fontSize": 24,
            "lineHeight": 32,
          },
          {
            "color": "#000",
          },
          {
            "fontWeight": "700",
          },
        ]
      }
    >
      -
    </Text>
  </View>
  <View
    accessibilityState={
      {
        "busy": undefined,
        "checked": undefined,
        "disabled": undefined,
        "expanded": undefined,
        "selected": undefined,
      }
    }
    accessibilityValue={
      {
        "max": undefined,
        "min": undefined,
        "now": undefined,
        "text": undefined,
      }
    }
    accessible={true}
    collapsable={false}
    focusable={false}
    onClick={[Function]}
    onResponderGrant={[Function]}
    onResponderMove={[Function]}
    onResponderRelease={[Function]}
    onResponderTerminate={[Function]}
    onResponderTerminationRequest={[Function]}
    onStartShouldSetResponder={[Function]}
    style={
      {
        "alignItems": "center",
        "backgroundColor": "#fff",
        "height": 35,
        "justifyContent": "center",
        "opacity": 1,
        "width": 35,
      }
    }
  >
    <Text
      style={
        [
          {
            "color": "#000",
          },
        ]
      }
    >
      1
    </Text>
  </View>
  <View
    accessibilityState={
      {
        "busy": undefined,
        "checked": undefined,
        "disabled": undefined,
        "expanded": undefined,
        "selected": undefined,
      }
    }
    accessibilityValue={
      {
        "max": undefined,
        "min": undefined,
        "now": undefined,
        "text": undefined,
      }
    }
    accessible={true}
    collapsable={false}
    focusable={true}
    onClick={[Function]}
    onResponderGrant={[Function]}
    onResponderMove={[Function]}
    onResponderRelease={[Function]}
    onResponderTerminate={[Function]}
    onResponderTerminationRequest={[Function]}
    onStartShouldSetResponder={[Function]}
    style={
      {
        "alignItems": "center",
        "backgroundColor": "#cad2fa",
        "borderBottomRightRadius": 8,
        "borderTopRightRadius": 8,
        "height": 35,
        "justifyContent": "center",
        "opacity": 1,
        "width": 35,
      }
    }
  >
    <Text
      style={
        [
          {
            "fontSize": 24,
            "lineHeight": 32,
          },
          {
            "color": "#000",
          },
          {
            "fontWeight": "700",
          },
        ]
      }
    >
      +
    </Text>
  </View>
</View>
`;
