// Jest Snapshot v1, https://goo.gl/fbAQLP

exports[`renders correctly 1`] = `
<View
  style={
    [
      {
        "height": 70,
      },
      {
        "position": "absolute",
      },
      {
        "bottom": 0,
      },
      {
        "width": 750,
      },
      {
        "paddingBottom": 16,
        "paddingLeft": 16,
        "paddingRight": 16,
        "paddingTop": 16,
      },
      {
        "flexDirection": "row",
      },
      {
        "justifyContent": "space-between",
      },
    ]
  }
>
  <Text
    style={
      [
        {
          "fontSize": 24,
          "lineHeight": 32,
        },
        {
          "color": "#fff",
        },
        {
          "fontWeight": "700",
        },
      ]
    }
  >
    Total: 
    <Text
      style={
        [
          {
            "color": "#ff8626",
          },
        ]
      }
    >
      90 GBP
    </Text>
  </Text>
  <View
    accessibilityState={
      {
        "busy": undefined,
        "checked": undefined,
        "disabled": false,
        "expanded": undefined,
        "selected": undefined,
      }
    }
    accessibilityValue={
      {
        "max": undefined,
        "min": undefined,
        "now": undefined,
        "text": undefined,
      }
    }
    accessible={true}
    collapsable={false}
    focusable={false}
    onClick={[Function]}
    onResponderGrant={[Function]}
    onResponderMove={[Function]}
    onResponderRelease={[Function]}
    onResponderTerminate={[Function]}
    onResponderTerminationRequest={[Function]}
    onStartShouldSetResponder={[Function]}
    style={
      {
        "alignItems": "center",
        "borderBottomLeftRadius": 8,
        "borderBottomRightRadius": 8,
        "borderTopLeftRadius": 8,
        "borderTopRightRadius": 8,
        "justifyContent": "center",
        "opacity": 1,
        "paddingBottom": 8,
        "paddingLeft": 8,
        "paddingRight": 8,
        "paddingTop": 8,
      }
    }
  >
    <Text
      style={
        [
          {
            "color": "#fff",
          },
          {
            "borderBottomLeftRadius": 8,
            "borderBottomRightRadius": 8,
            "borderTopLeftRadius": 8,
            "borderTopRightRadius": 8,
          },
          {
            "fontWeight": "700",
          },
        ]
      }
    >
      Checkout
    </Text>
  </View>
</View>
`;
